\BOOKMARK [0][-]{chapter.1}{\376\377\000O\000p\000i\000s\000\040\000p\000r\000o\000j\000e\000k\000t\000u}{}% 1
\BOOKMARK [1][-]{section.1.1}{\376\377\000S\000p\000e\000c\000y\000f\000i\000k\000a\000c\000j\000a\000\040\000t\000e\000m\000a\000t\000u}{chapter.1}% 2
\BOOKMARK [1][-]{section.1.2}{\376\377\000T\000e\000c\000h\000n\000o\000l\000o\000g\000i\000e}{chapter.1}% 3
\BOOKMARK [0][-]{chapter.2}{\376\377\000P\000o\000z\000i\000o\000m\000y\000\040\000w\000y\000m\000a\000g\000a\001\104\000\040\000f\000u\000n\000k\000c\000j\000o\000n\000a\000l\000n\000y\000c\000h}{}% 4
\BOOKMARK [1][-]{section.2.1}{\376\377\000O\000c\000e\000n\000a\000\040\0003\000.\0000\000\040\040\024\000\040\000p\000o\000d\000s\000t\000a\000w\000o\000w\000y\000\040\000C\000R\000U\000D\000\040\000i\000\040\000a\000d\000m\000i\000n\000i\000s\000t\000r\000a\000t\000o\000r}{chapter.2}% 5
\BOOKMARK [1][-]{section.2.2}{\376\377\000O\000c\000e\000n\000a\000\040\0004\000.\0000\000\040\040\024\000\040\000r\000o\000z\000s\000z\000e\000r\000z\000o\000n\000e\000\040\000u\000p\000r\000a\000w\000n\000i\000e\000n\000i\000a}{chapter.2}% 6
\BOOKMARK [1][-]{section.2.3}{\376\377\000O\000c\000e\000n\000a\000\040\0005\000.\0000\000\040\040\024\000\040\000z\000a\000a\000w\000a\000n\000s\000o\000w\000a\000n\000a\000\040\000l\000o\000g\000i\000k\000a\000\040\000b\000i\000z\000n\000e\000s\000o\000w\000a}{chapter.2}% 7
\BOOKMARK [0][-]{chapter.3}{\376\377\000A\000s\000p\000e\000k\000t\000\040\000p\000r\000o\000j\000e\000k\000t\000o\000w\000y\000\040\000b\000a\000z\000y\000\040\000d\000a\000n\000y\000c\000h}{}% 8
\BOOKMARK [1][-]{section.3.1}{\376\377\000D\000i\000a\000g\000r\000a\000m\000\040\000E\000R\000D}{chapter.3}% 9
\BOOKMARK [1][-]{section.3.2}{\376\377\000O\000p\000i\000s\000\040\000s\000t\000r\000u\000k\000t\000u\000r\000\040\000t\000a\000b\000e\000l}{chapter.3}% 10
\BOOKMARK [1][-]{section.3.3}{\376\377\000K\000o\000d\000\040\000S\000Q\000L\000\040\000t\000w\000o\000r\000z\001\005\000c\000y\000\040\000b\000a\000z\001\031}{chapter.3}% 11
\BOOKMARK [0][-]{chapter.4}{\376\377\000M\000e\000c\000h\000a\000n\000i\000z\000m\000y\000\040\000b\000a\000z\000o\000d\000a\000n\000o\000w\000e\000\040\000\050\000t\000r\000i\000g\000g\000e\000r\000y\000\040\000i\000\040\000f\000u\000n\000k\000c\000j\000e\000\051}{}% 12
\BOOKMARK [1][-]{section.4.1}{\376\377\000W\000y\000m\000a\000g\000a\000n\000i\000e\000\040\000t\000e\000c\000h\000n\000i\000c\000z\000n\000e}{chapter.4}% 13
\BOOKMARK [1][-]{section.4.2}{\376\377\000T\000r\000i\000g\000g\000e\000r\000y\000\040\000a\000u\000t\000o\000m\000a\000t\000y\000z\000a\000c\000j\000i\000\040\040\024\000\040\000t\000o\000t\000a\000l\000\137\000a\000m\000o\000u\000n\000t}{chapter.4}% 14
\BOOKMARK [1][-]{section.4.3}{\376\377\000T\000r\000i\000g\000g\000e\000r\000\040\000w\000a\000l\000i\000d\000a\000c\000y\000j\000n\000y\000\040\040\024\000\040\000c\000z\001\102\000o\000n\000k\000o\000s\000t\000w\000o\000\040\000w\000\040\000g\000r\000u\000p\000i\000e}{chapter.4}% 15
\BOOKMARK [1][-]{section.4.4}{\376\377\000F\000u\000n\000k\000c\000j\000a\000\040\000s\000k\001\102\000a\000d\000o\000w\000a\000\040\000g\000e\000t\000\137\000u\000s\000e\000r\000\137\000n\000e\000t\000\137\000b\000a\000l\000a\000n\000c\000e}{chapter.4}% 16
\BOOKMARK [0][-]{chapter.5}{\376\377\000Z\000a\001\102\000o\001\174\000e\000n\000i\000a\000\040\000f\000u\000n\000k\000c\000j\000o\000n\000a\000l\000n\000e\000\040\000i\000\040\000a\000l\000g\000o\000r\000y\000t\000m\000y}{}% 17
\BOOKMARK [1][-]{section.5.1}{\376\377\000M\000e\000c\000h\000a\000n\000i\000z\000m\000y\000\040\000C\000R\000U\000D\000\040\000w\000\040\000a\000p\000l\000i\000k\000a\000c\000j\000i}{chapter.5}% 18
\BOOKMARK [1][-]{section.5.2}{\376\377\000A\000l\000g\000o\000r\000y\000t\000m\000\040\0001\000:\000\040\000R\000\363\000w\000n\000y\000\040\000p\000o\000d\000z\000i\000a\001\102\000\040\000r\000a\000c\000h\000u\000n\000k\000u}{chapter.5}% 19
\BOOKMARK [1][-]{section.5.3}{\376\377\000A\000l\000g\000o\000r\000y\000t\000m\000\040\0002\000:\000\040\000B\000i\000l\000a\000n\000s\000\040\000u\001\174\000y\000t\000k\000o\000w\000n\000i\000k\000a\000\040\000w\000\040\000g\000r\000u\000p\000i\000e}{chapter.5}% 20
\BOOKMARK [1][-]{section.5.4}{\376\377\000P\000r\000z\000y\000k\001\102\000a\000d\000\040\000d\000z\000i\000a\001\102\000a\000n\000i\000a}{chapter.5}% 21
\BOOKMARK [0][-]{chapter.6}{\376\377\000K\000o\000n\000c\000e\000p\000c\000j\000a\000\040\000d\000o\000s\000t\001\031\000p\000u\000\040\000z\000d\000a\000l\000n\000e\000g\000o\000\040\000d\000o\000\040\000b\000a\000z\000y\000\040\000d\000a\000n\000y\000c\000h}{}% 22
\BOOKMARK [1][-]{section.6.1}{\376\377\000Z\000a\001\102\000o\001\174\000e\000n\000i\000a}{chapter.6}% 23
\BOOKMARK [1][-]{section.6.2}{\376\377\000K\000o\000n\000f\000i\000g\000u\000r\000a\000c\000j\000a\000\040\000p\000o\001\102\001\005\000c\000z\000e\000n\000i\000a}{chapter.6}% 24
\BOOKMARK [1][-]{section.6.3}{\376\377\000Z\000r\000z\000u\000t\000y\000\040\000e\000k\000r\000a\000n\000u\000\040\000z\000\040\000a\000p\000l\000i\000k\000a\000c\000j\000i}{chapter.6}% 25
\BOOKMARK [0][-]{chapter.7}{\376\377\000U\000r\000u\000c\000h\000o\000m\000i\000e\000n\000i\000e\000\040\000i\000\040\000t\000e\000s\000t\000o\000w\000a\000n\000i\000e}{}% 26
\BOOKMARK [1][-]{section.7.1}{\376\377\000W\000y\000m\000a\000g\000a\000n\000i\000a\000\040\036\141\000r\000o\000d\000o\000w\000i\000s\000k\000o\000w\000e}{chapter.7}% 27
\BOOKMARK [1][-]{section.7.2}{\376\377\000K\000r\000o\000k\000i\000\040\000u\000r\000u\000c\000h\000o\000m\000i\000e\000n\000i\000a}{chapter.7}% 28
\BOOKMARK [1][-]{section.7.3}{\376\377\000K\000o\000n\000t\000a\000\040\000t\000e\000s\000t\000o\000w\000e}{chapter.7}% 29
\BOOKMARK [1][-]{section.7.4}{\376\377\000S\000c\000e\000n\000a\000r\000i\000u\000s\000z\000\040\000t\000e\000s\000t\000o\000w\000y}{chapter.7}% 30
\BOOKMARK [0][-]{chapter.8}{\376\377\000S\000t\000r\000u\000k\000t\000u\000r\000a\000\040\000p\000r\000o\000j\000e\000k\000t\000u}{}% 31
\BOOKMARK [0][-]{appendix.A}{\376\377\000S\000p\000i\000s\000\040\000p\000l\000i\000k\000\363\000w\000\040\000m\000i\000g\000r\000a\000c\000j\000i}{}% 32
